# Sanitized log: only numeric training/progress lines are retained.
动态类别权重： [0.07509999722242355, 0.10830000042915344, 0.7540000081062317, 2.3965001106262207, 1.733299970626831, 0.9327999949455261]
Epoch 1/50: mIoU=0.3338, mDice=0.4121
Epoch 2/50: mIoU=0.3997, mDice=0.4987
Epoch 3/50: mIoU=0.4689, mDice=0.5819
Epoch 4/50: mIoU=0.4942, mDice=0.6164
Epoch 5/50: mIoU=0.5227, mDice=0.6471
Epoch 6/50: mIoU=0.5006, mDice=0.6189
Epoch 7/50: mIoU=0.6145, mDice=0.7354
Epoch 8/50: mIoU=0.6190, mDice=0.7387
Epoch 9/50: mIoU=0.6049, mDice=0.7221
Epoch 10/50: mIoU=0.6242, mDice=0.7427
Epoch 11/50: mIoU=0.6320, mDice=0.7473
Epoch 12/50: mIoU=0.6198, mDice=0.7464
Epoch 13/50: mIoU=0.6497, mDice=0.7654
Epoch 14/50: mIoU=0.6361, mDice=0.7531
Epoch 15/50: mIoU=0.6274, mDice=0.7438
Epoch 16/50: mIoU=0.6238, mDice=0.7372
Epoch 17/50: mIoU=0.6461, mDice=0.7635
Epoch 18/50: mIoU=0.6639, mDice=0.7767
Epoch 19/50: mIoU=0.6719, mDice=0.7832
Epoch 20/50: mIoU=0.6933, mDice=0.8014
Epoch 21/50: mIoU=0.6890, mDice=0.7987
Epoch 22/50: mIoU=0.6714, mDice=0.7839
Epoch 23/50: mIoU=0.6716, mDice=0.7827
Epoch 24/50: mIoU=0.5524, mDice=0.6642
Epoch 25/50: mIoU=0.7007, mDice=0.8086
Epoch 26/50: mIoU=0.7013, mDice=0.8086
Epoch 27/50: mIoU=0.7063, mDice=0.8121
Epoch 28/50: mIoU=0.7039, mDice=0.8101
Epoch 29/50: mIoU=0.7078, mDice=0.8128
Epoch 30/50: mIoU=0.6954, mDice=0.8040
Epoch 31/50: mIoU=0.7175, mDice=0.8211
Epoch 32/50: mIoU=0.7049, mDice=0.8102
Epoch 33/50: mIoU=0.7143, mDice=0.8179
Epoch 34/50: mIoU=0.6977, mDice=0.8039
Epoch 35/50: mIoU=0.7115, mDice=0.8166
Epoch 36/50: mIoU=0.7118, mDice=0.8163
Epoch 37/50: mIoU=0.7183, mDice=0.8216
Epoch 38/50: mIoU=0.7026, mDice=0.8095
Epoch 39/50: mIoU=0.6982, mDice=0.8042
Epoch 40/50: mIoU=0.7129, mDice=0.8172
Epoch 41/50: mIoU=0.7212, mDice=0.8237
Epoch 42/50: mIoU=0.7205, mDice=0.8228
Epoch 43/50: mIoU=0.7168, mDice=0.8200
Epoch 44/50: mIoU=0.7107, mDice=0.8143
Epoch 45/50: mIoU=0.7163, mDice=0.8194
Epoch 46/50: mIoU=0.7252, mDice=0.8271
Epoch 47/50: mIoU=0.7135, mDice=0.8172
Epoch 48/50: mIoU=0.7140, mDice=0.8177
Epoch 49/50: mIoU=0.7131, mDice=0.8166
Epoch 50/50: mIoU=0.7132, mDice=0.8171
训练完成：best_epoch=46, best_val_mIoU=0.725204, best_val_mDice=0.827070
Exit code: 0
