# Sanitized log: only numeric training/progress lines are retained.
动态类别权重： [0.07509999722242355, 0.10830000042915344, 0.7540000081062317, 2.3965001106262207, 1.733299970626831, 0.9327999949455261]
Epoch 1/50: mIoU=0.3171, mDice=0.4022
Epoch 2/50: mIoU=0.3696, mDice=0.4794
Epoch 3/50: mIoU=0.3827, mDice=0.5028
Epoch 4/50: mIoU=0.5133, mDice=0.6340
Epoch 5/50: mIoU=0.3840, mDice=0.5138
Epoch 6/50: mIoU=0.4862, mDice=0.5994
Epoch 7/50: mIoU=0.5539, mDice=0.6720
Epoch 8/50: mIoU=0.5794, mDice=0.6978
Epoch 9/50: mIoU=0.4751, mDice=0.5918
Epoch 10/50: mIoU=0.5958, mDice=0.7205
Epoch 11/50: mIoU=0.6289, mDice=0.7461
Epoch 12/50: mIoU=0.5545, mDice=0.6661
Epoch 13/50: mIoU=0.5155, mDice=0.6474
Epoch 14/50: mIoU=0.6346, mDice=0.7516
Epoch 15/50: mIoU=0.6104, mDice=0.7330
Epoch 16/50: mIoU=0.6383, mDice=0.7551
Epoch 17/50: mIoU=0.6185, mDice=0.7341
Epoch 18/50: mIoU=0.6406, mDice=0.7586
Epoch 19/50: mIoU=0.6572, mDice=0.7730
Epoch 20/50: mIoU=0.6763, mDice=0.7880
Epoch 21/50: mIoU=0.6657, mDice=0.7817
Epoch 22/50: mIoU=0.6619, mDice=0.7771
Epoch 23/50: mIoU=0.6375, mDice=0.7545
Epoch 24/50: mIoU=0.6345, mDice=0.7526
Epoch 25/50: mIoU=0.6631, mDice=0.7764
Epoch 26/50: mIoU=0.6767, mDice=0.7891
Epoch 27/50: mIoU=0.6744, mDice=0.7881
Epoch 28/50: mIoU=0.6885, mDice=0.7993
Epoch 29/50: mIoU=0.6594, mDice=0.7743
Epoch 30/50: mIoU=0.6914, mDice=0.8008
Epoch 31/50: mIoU=0.6718, mDice=0.7833
Epoch 32/50: mIoU=0.6842, mDice=0.7965
Epoch 33/50: mIoU=0.6889, mDice=0.7991
Epoch 34/50: mIoU=0.6747, mDice=0.7878
Epoch 35/50: mIoU=0.6807, mDice=0.7908
Epoch 36/50: mIoU=0.6988, mDice=0.8074
Epoch 37/50: mIoU=0.6761, mDice=0.7905
Epoch 38/50: mIoU=0.7096, mDice=0.8158
Epoch 39/50: mIoU=0.6824, mDice=0.7922
Epoch 40/50: mIoU=0.7099, mDice=0.8157
Epoch 41/50: mIoU=0.7141, mDice=0.8195
Epoch 42/50: mIoU=0.7031, mDice=0.8108
Epoch 43/50: mIoU=0.6979, mDice=0.8055
Epoch 44/50: mIoU=0.7136, mDice=0.8199
Epoch 45/50: mIoU=0.7137, mDice=0.8185
Epoch 46/50: mIoU=0.7104, mDice=0.8158
Epoch 47/50: mIoU=0.7187, mDice=0.8232
Epoch 48/50: mIoU=0.7097, mDice=0.8148
Epoch 49/50: mIoU=0.7125, mDice=0.8179
Epoch 50/50: mIoU=0.7221, mDice=0.8252
训练完成：best_epoch=50, best_val_mIoU=0.722093, best_val_mDice=0.825235
Exit code: 0
