# Sanitized log: only numeric training/progress lines are retained.
动态类别权重： [0.07509999722242355, 0.10830000042915344, 0.7540000081062317, 2.3965001106262207, 1.733299970626831, 0.9327999949455261]
Epoch 1/50: mIoU=0.2733, mDice=0.3426
Epoch 2/50: mIoU=0.3009, mDice=0.3851
Epoch 3/50: mIoU=0.5044, mDice=0.6178
Epoch 4/50: mIoU=0.4157, mDice=0.5229
Epoch 5/50: mIoU=0.5327, mDice=0.6493
Epoch 6/50: mIoU=0.5156, mDice=0.6391
Epoch 7/50: mIoU=0.6123, mDice=0.7304
Epoch 8/50: mIoU=0.5932, mDice=0.7153
Epoch 9/50: mIoU=0.6311, mDice=0.7512
Epoch 10/50: mIoU=0.5973, mDice=0.7099
Epoch 11/50: mIoU=0.6112, mDice=0.7311
Epoch 12/50: mIoU=0.5065, mDice=0.6263
Epoch 13/50: mIoU=0.5701, mDice=0.6880
Epoch 14/50: mIoU=0.6625, mDice=0.7785
Epoch 15/50: mIoU=0.6658, mDice=0.7781
Epoch 16/50: mIoU=0.6637, mDice=0.7773
Epoch 17/50: mIoU=0.6481, mDice=0.7664
Epoch 18/50: mIoU=0.6677, mDice=0.7802
Epoch 19/50: mIoU=0.6472, mDice=0.7630
Epoch 20/50: mIoU=0.6947, mDice=0.8022
Epoch 21/50: mIoU=0.6442, mDice=0.7627
Epoch 22/50: mIoU=0.6641, mDice=0.7776
Epoch 23/50: mIoU=0.6690, mDice=0.7827
Epoch 24/50: mIoU=0.5566, mDice=0.6771
Epoch 25/50: mIoU=0.6955, mDice=0.8043
Epoch 26/50: mIoU=0.6960, mDice=0.8037
Epoch 27/50: mIoU=0.6838, mDice=0.7946
Epoch 28/50: mIoU=0.6866, mDice=0.7954
Epoch 29/50: mIoU=0.6943, mDice=0.8018
Epoch 30/50: mIoU=0.7047, mDice=0.8100
Epoch 31/50: mIoU=0.7043, mDice=0.8099
Epoch 32/50: mIoU=0.7119, mDice=0.8160
Epoch 33/50: mIoU=0.7104, mDice=0.8146
Epoch 34/50: mIoU=0.6910, mDice=0.7985
Epoch 35/50: mIoU=0.6842, mDice=0.7957
Epoch 36/50: mIoU=0.6734, mDice=0.7829
Epoch 37/50: mIoU=0.7170, mDice=0.8201
Epoch 38/50: mIoU=0.7149, mDice=0.8186
Epoch 39/50: mIoU=0.6974, mDice=0.8042
Epoch 40/50: mIoU=0.7213, mDice=0.8240
Epoch 41/50: mIoU=0.7186, mDice=0.8213
Epoch 42/50: mIoU=0.7221, mDice=0.8240
Epoch 43/50: mIoU=0.7096, mDice=0.8141
Epoch 44/50: mIoU=0.7175, mDice=0.8198
Epoch 45/50: mIoU=0.7138, mDice=0.8173
Epoch 46/50: mIoU=0.7198, mDice=0.8222
Epoch 47/50: mIoU=0.7149, mDice=0.8184
Epoch 48/50: mIoU=0.7141, mDice=0.8174
Epoch 49/50: mIoU=0.7175, mDice=0.8205
Epoch 50/50: mIoU=0.7126, mDice=0.8168
训练完成：best_epoch=42, best_val_mIoU=0.722057, best_val_mDice=0.823974
Exit code: 0
